fail: Microsoft.EntityFrameworkCore.Database.Command[20102]
      Failed executing DbCommand (20ms) [Parameters=[], CommandType='Text', CommandTimeout='30']
      SELECT "MigrationId", "ProductVersion"
      FROM "__EFMigrationsHistory"
      ORDER BY "MigrationId";
info: LabScaner.Infrastructure.Persistence.DatabaseMigration[1335799732]
      Применение миграций БД: 20261004192026_AddDirectories, 20261005063141_AddIdentityAndSubjects, 20261009142854_AddMustChangePassword
fail: Microsoft.EntityFrameworkCore.Database.Command[20102]
      Failed executing DbCommand (3ms) [Parameters=[], CommandType='Text', CommandTimeout='30']
      SELECT "MigrationId", "ProductVersion"
      FROM "__EFMigrationsHistory"
      ORDER BY "MigrationId";
info: Microsoft.EntityFrameworkCore.Migrations[20402]
      Applying migration '20261004192026_AddDirectories'.
info: Microsoft.EntityFrameworkCore.Migrations[20402]
      Applying migration '20261005063141_AddIdentityAndSubjects'.
info: Microsoft.EntityFrameworkCore.Migrations[20402]
      Applying migration '20261009142854_AddMustChangePassword'.
info: Microsoft.EntityFrameworkCore.Database.Command[20101]
      Executed DbCommand (30ms) [Parameters=[@normalizedName='?'], CommandType='Text', CommandTimeout='30']
      SELECT r.id, r.concurrency_stamp, r.name, r.normalized_name
      FROM roles AS r
      WHERE r.normalized_name = @normalizedName
      LIMIT 1
info: Microsoft.EntityFrameworkCore.Database.Command[20101]
      Executed DbCommand (1ms) [Parameters=[@normalizedName='?'], CommandType='Text', CommandTimeout='30']
      SELECT r.id, r.concurrency_stamp, r.name, r.normalized_name
      FROM roles AS r
      WHERE r.normalized_name = @normalizedName
      LIMIT 1
info: Microsoft.EntityFrameworkCore.Database.Command[20101]
      Executed DbCommand (2ms) [Parameters=[@p0='?', @p1='?', @p2='?'], CommandType='Text', CommandTimeout='30']
      INSERT INTO roles (concurrency_stamp, name, normalized_name)
      VALUES (@p0, @p1, @p2)
      RETURNING id;
info: Microsoft.EntityFrameworkCore.Database.Command[20101]
      Executed DbCommand (1ms) [Parameters=[@normalizedName='?'], CommandType='Text', CommandTimeout='30']
      SELECT r.id, r.concurrency_stamp, r.name, r.normalized_name
      FROM roles AS r
      WHERE r.normalized_name = @normalizedName
      LIMIT 1
info: Microsoft.EntityFrameworkCore.Database.Command[20101]
      Executed DbCommand (0ms) [Parameters=[@normalizedName='?'], CommandType='Text', CommandTimeout='30']
      SELECT r.id, r.concurrency_stamp, r.name, r.normalized_name
      FROM roles AS r
      WHERE r.normalized_name = @normalizedName
      LIMIT 1
info: Microsoft.EntityFrameworkCore.Database.Command[20101]
      Executed DbCommand (1ms) [Parameters=[@p0='?', @p1='?', @p2='?'], CommandType='Text', CommandTimeout='30']
      INSERT INTO roles (concurrency_stamp, name, normalized_name)
      VALUES (@p0, @p1, @p2)
      RETURNING id;
info: Microsoft.EntityFrameworkCore.Database.Command[20101]
      Executed DbCommand (1ms) [Parameters=[@normalizedRoleName='?'], CommandType='Text', CommandTimeout='30']
      SELECT r.id, r.concurrency_stamp, r.name, r.normalized_name
      FROM roles AS r
      WHERE r.normalized_name = @normalizedRoleName
      LIMIT 2
info: Microsoft.EntityFrameworkCore.Database.Command[20101]
      Executed DbCommand (3ms) [Parameters=[@role_Id='?' (DbType = Int32)], CommandType='Text', CommandTimeout='30']
      SELECT u0.id, u0.access_failed_count, u0.concurrency_stamp, u0.display_name, u0.email, u0.email_confirmed, u0.lockout_enabled, u0.lockout_end, u0.must_change_password, u0.normalized_email, u0.normalized_user_name, u0.password_hash, u0.phone_number, u0.phone_number_confirmed, u0.security_stamp, u0.two_factor_enabled, u0.user_name
      FROM user_roles AS u
      INNER JOIN users AS u0 ON u.user_id = u0.id
      WHERE u.role_id = @role_Id
info: Microsoft.EntityFrameworkCore.Database.Command[20101]
      Executed DbCommand (1ms) [Parameters=[@normalizedUserName='?'], CommandType='Text', CommandTimeout='30']
      SELECT u.id, u.access_failed_count, u.concurrency_stamp, u.display_name, u.email, u.email_confirmed, u.lockout_enabled, u.lockout_end, u.must_change_password, u.normalized_email, u.normalized_user_name, u.password_hash, u.phone_number, u.phone_number_confirmed, u.security_stamp, u.two_factor_enabled, u.user_name
      FROM users AS u
      WHERE u.normalized_user_name = @normalizedUserName
      LIMIT 1
info: Microsoft.EntityFrameworkCore.Database.Command[20101]
      Executed DbCommand (7ms) [Parameters=[@p0='?' (DbType = Int32), @p1='?', @p2='?', @p3='?', @p4='?' (DbType = Boolean), @p5='?' (DbType = Boolean), @p6='?' (DbType = DateTime), @p7='?' (DbType = Boolean), @p8='?', @p9='?', @p10='?', @p11='?', @p12='?' (DbType = Boolean), @p13='?', @p14='?' (DbType = Boolean), @p15='?'], CommandType='Text', CommandTimeout='30']
      INSERT INTO users (access_failed_count, concurrency_stamp, display_name, email, email_confirmed, lockout_enabled, lockout_end, must_change_password, normalized_email, normalized_user_name, password_hash, phone_number, phone_number_confirmed, security_stamp, two_factor_enabled, user_name)
      VALUES (@p0, @p1, @p2, @p3, @p4, @p5, @p6, @p7, @p8, @p9, @p10, @p11, @p12, @p13, @p14, @p15)
      RETURNING id;
info: Microsoft.EntityFrameworkCore.Database.Command[20101]
      Executed DbCommand (1ms) [Parameters=[@normalizedRoleName='?'], CommandType='Text', CommandTimeout='30']
      SELECT r.id, r.concurrency_stamp, r.name, r.normalized_name
      FROM roles AS r
      WHERE r.normalized_name = @normalizedRoleName
      LIMIT 2
info: Microsoft.EntityFrameworkCore.Database.Command[20101]
      Executed DbCommand (1ms) [Parameters=[@p='?' (DbType = Int32), @p1='?' (DbType = Int32)], CommandType='Text', CommandTimeout='30']
      SELECT u.user_id, u.role_id
      FROM user_roles AS u
      WHERE u.user_id = @p AND u.role_id = @p1
      LIMIT 1
info: Microsoft.EntityFrameworkCore.Database.Command[20101]
      Executed DbCommand (1ms) [Parameters=[@normalizedRoleName='?'], CommandType='Text', CommandTimeout='30']
      SELECT r.id, r.concurrency_stamp, r.name, r.normalized_name
      FROM roles AS r
      WHERE r.normalized_name = @normalizedRoleName
      LIMIT 2
info: Microsoft.EntityFrameworkCore.Database.Command[20101]
      Executed DbCommand (1ms) [Parameters=[@normalizedRoleName='?'], CommandType='Text', CommandTimeout='30']
      SELECT r.id, r.concurrency_stamp, r.name, r.normalized_name
      FROM roles AS r
      WHERE r.normalized_name = @normalizedRoleName
      LIMIT 2
info: Microsoft.EntityFrameworkCore.Database.Command[20101]
      Executed DbCommand (1ms) [Parameters=[@p='?' (DbType = Int32), @p1='?' (DbType = Int32)], CommandType='Text', CommandTimeout='30']
      SELECT u.user_id, u.role_id
      FROM user_roles AS u
      WHERE u.user_id = @p AND u.role_id = @p1
      LIMIT 1
info: Microsoft.EntityFrameworkCore.Database.Command[20101]
      Executed DbCommand (0ms) [Parameters=[@normalizedRoleName='?'], CommandType='Text', CommandTimeout='30']
      SELECT r.id, r.concurrency_stamp, r.name, r.normalized_name
      FROM roles AS r
      WHERE r.normalized_name = @normalizedRoleName
      LIMIT 2
info: Microsoft.EntityFrameworkCore.Database.Command[20101]
      Executed DbCommand (1ms) [Parameters=[@normalizedUserName='?'], CommandType='Text', CommandTimeout='30']
      SELECT u.id, u.access_failed_count, u.concurrency_stamp, u.display_name, u.email, u.email_confirmed, u.lockout_enabled, u.lockout_end, u.must_change_password, u.normalized_email, u.normalized_user_name, u.password_hash, u.phone_number, u.phone_number_confirmed, u.security_stamp, u.two_factor_enabled, u.user_name
      FROM users AS u
      WHERE u.normalized_user_name = @normalizedUserName
      LIMIT 1
info: Microsoft.EntityFrameworkCore.Database.Command[20101]
      Executed DbCommand (2ms) [Parameters=[@p0='?' (DbType = Int32), @p1='?' (DbType = Int32), @p2='?' (DbType = Int32), @p3='?' (DbType = Int32), @p20='?' (DbType = Int32), @p4='?' (DbType = Int32), @p5='?', @p21='?', @p6='?', @p7='?', @p8='?' (DbType = Boolean), @p9='?' (DbType = Boolean), @p10='?' (DbType = DateTime), @p11='?' (DbType = Boolean), @p12='?', @p13='?', @p14='?', @p15='?', @p16='?' (DbType = Boolean), @p17='?', @p18='?' (DbType = Boolean), @p19='?'], CommandType='Text', CommandTimeout='30']
      INSERT INTO user_roles (role_id, user_id)
      VALUES (@p0, @p1);
      INSERT INTO user_roles (role_id, user_id)
      VALUES (@p2, @p3);
      UPDATE users SET access_failed_count = @p4, concurrency_stamp = @p5, display_name = @p6, email = @p7, email_confirmed = @p8, lockout_enabled = @p9, lockout_end = @p10, must_change_password = @p11, normalized_email = @p12, normalized_user_name = @p13, password_hash = @p14, phone_number = @p15, phone_number_confirmed = @p16, security_stamp = @p17, two_factor_enabled = @p18, user_name = @p19
      WHERE id = @p20 AND concurrency_stamp = @p21;
info: LabScaner.Infrastructure.Identity.IdentitySeeder[2037226992]
      Создан первый администратор admin.
warn: Microsoft.AspNetCore.DataProtection.KeyManagement.XmlKeyManager[35]
      No XML encryptor configured. Key {365c761e-9876-4a21-9979-72ffb60c18fb} may be persisted to storage in unencrypted form.
info: Microsoft.Hosting.Lifetime[14]
      Now listening on: http://127.0.0.1:5080
info: Microsoft.Hosting.Lifetime[0]
      Application started. Press Ctrl+C to shut down.
info: Microsoft.Hosting.Lifetime[0]
      Hosting environment: Production
info: Microsoft.Hosting.Lifetime[0]
      Content root path: /home/runner/work/labScaner/labScaner/publish
info: Microsoft.EntityFrameworkCore.Database.Command[20101]
      Executed DbCommand (1ms) [Parameters=[], CommandType='Text', CommandTimeout='30']
      SELECT 1
info: Microsoft.EntityFrameworkCore.Database.Command[20101]
      Executed DbCommand (1ms) [Parameters=[@normalizedUserName='?'], CommandType='Text', CommandTimeout='30']
      SELECT u.id, u.access_failed_count, u.concurrency_stamp, u.display_name, u.email, u.email_confirmed, u.lockout_enabled, u.lockout_end, u.must_change_password, u.normalized_email, u.normalized_user_name, u.password_hash, u.phone_number, u.phone_number_confirmed, u.security_stamp, u.two_factor_enabled, u.user_name
      FROM users AS u
      WHERE u.normalized_user_name = @normalizedUserName
      LIMIT 1
info: Microsoft.EntityFrameworkCore.Database.Command[20101]
      Executed DbCommand (1ms) [Parameters=[@normalizedUserName='?'], CommandType='Text', CommandTimeout='30']
      SELECT u.id, u.access_failed_count, u.concurrency_stamp, u.display_name, u.email, u.email_confirmed, u.lockout_enabled, u.lockout_end, u.must_change_password, u.normalized_email, u.normalized_user_name, u.password_hash, u.phone_number, u.phone_number_confirmed, u.security_stamp, u.two_factor_enabled, u.user_name
      FROM users AS u
      WHERE u.normalized_user_name = @normalizedUserName
      LIMIT 1
info: Microsoft.EntityFrameworkCore.Database.Command[20101]
      Executed DbCommand (1ms) [Parameters=[@p16='?' (DbType = Int32), @p0='?' (DbType = Int32), @p1='?', @p17='?', @p2='?', @p3='?', @p4='?' (DbType = Boolean), @p5='?' (DbType = Boolean), @p6='?' (DbType = DateTime), @p7='?' (DbType = Boolean), @p8='?', @p9='?', @p10='?', @p11='?', @p12='?' (DbType = Boolean), @p13='?', @p14='?' (DbType = Boolean), @p15='?'], CommandType='Text', CommandTimeout='30']
      UPDATE users SET access_failed_count = @p0, concurrency_stamp = @p1, display_name = @p2, email = @p3, email_confirmed = @p4, lockout_enabled = @p5, lockout_end = @p6, must_change_password = @p7, normalized_email = @p8, normalized_user_name = @p9, password_hash = @p10, phone_number = @p11, phone_number_confirmed = @p12, security_stamp = @p13, two_factor_enabled = @p14, user_name = @p15
      WHERE id = @p16 AND concurrency_stamp = @p17;
info: Microsoft.EntityFrameworkCore.Database.Command[20101]
      Executed DbCommand (1ms) [Parameters=[@normalizedUserName='?'], CommandType='Text', CommandTimeout='30']
      SELECT u.id, u.access_failed_count, u.concurrency_stamp, u.display_name, u.email, u.email_confirmed, u.lockout_enabled, u.lockout_end, u.must_change_password, u.normalized_email, u.normalized_user_name, u.password_hash, u.phone_number, u.phone_number_confirmed, u.security_stamp, u.two_factor_enabled, u.user_name
      FROM users AS u
      WHERE u.normalized_user_name = @normalizedUserName
      LIMIT 1
info: Microsoft.EntityFrameworkCore.Database.Command[20101]
      Executed DbCommand (1ms) [Parameters=[@normalizedUserName='?'], CommandType='Text', CommandTimeout='30']
      SELECT u.id, u.access_failed_count, u.concurrency_stamp, u.display_name, u.email, u.email_confirmed, u.lockout_enabled, u.lockout_end, u.must_change_password, u.normalized_email, u.normalized_user_name, u.password_hash, u.phone_number, u.phone_number_confirmed, u.security_stamp, u.two_factor_enabled, u.user_name
      FROM users AS u
      WHERE u.normalized_user_name = @normalizedUserName
      LIMIT 1
info: Microsoft.EntityFrameworkCore.Database.Command[20101]
      Executed DbCommand (1ms) [Parameters=[@p16='?' (DbType = Int32), @p0='?' (DbType = Int32), @p1='?', @p17='?', @p2='?', @p3='?', @p4='?' (DbType = Boolean), @p5='?' (DbType = Boolean), @p6='?' (DbType = DateTime), @p7='?' (DbType = Boolean), @p8='?', @p9='?', @p10='?', @p11='?', @p12='?' (DbType = Boolean), @p13='?', @p14='?' (DbType = Boolean), @p15='?'], CommandType='Text', CommandTimeout='30']
      UPDATE users SET access_failed_count = @p0, concurrency_stamp = @p1, display_name = @p2, email = @p3, email_confirmed = @p4, lockout_enabled = @p5, lockout_end = @p6, must_change_password = @p7, normalized_email = @p8, normalized_user_name = @p9, password_hash = @p10, phone_number = @p11, phone_number_confirmed = @p12, security_stamp = @p13, two_factor_enabled = @p14, user_name = @p15
      WHERE id = @p16 AND concurrency_stamp = @p17;
info: Microsoft.EntityFrameworkCore.Database.Command[20101]
      Executed DbCommand (2ms) [Parameters=[@user_Id='?' (DbType = Int32)], CommandType='Text', CommandTimeout='30']
      SELECT u.id, u.claim_type, u.claim_value, u.user_id
      FROM user_claims AS u
      WHERE u.user_id = @user_Id
info: Microsoft.EntityFrameworkCore.Database.Command[20101]
      Executed DbCommand (1ms) [Parameters=[@userId='?' (DbType = Int32)], CommandType='Text', CommandTimeout='30']
      SELECT r.name
      FROM user_roles AS u
      INNER JOIN roles AS r ON u.role_id = r.id
      WHERE u.user_id = @userId
info: Microsoft.EntityFrameworkCore.Database.Command[20101]
      Executed DbCommand (1ms) [Parameters=[@normalizedName='?'], CommandType='Text', CommandTimeout='30']
      SELECT r.id, r.concurrency_stamp, r.name, r.normalized_name
      FROM roles AS r
      WHERE r.normalized_name = @normalizedName
      LIMIT 1
info: Microsoft.EntityFrameworkCore.Database.Command[20101]
      Executed DbCommand (1ms) [Parameters=[@role_Id='?' (DbType = Int32)], CommandType='Text', CommandTimeout='30']
      SELECT r.claim_type, r.claim_value
      FROM role_claims AS r
      WHERE r.role_id = @role_Id
info: Microsoft.EntityFrameworkCore.Database.Command[20101]
      Executed DbCommand (0ms) [Parameters=[@normalizedName='?'], CommandType='Text', CommandTimeout='30']
      SELECT r.id, r.concurrency_stamp, r.name, r.normalized_name
      FROM roles AS r
      WHERE r.normalized_name = @normalizedName
      LIMIT 1
info: Microsoft.EntityFrameworkCore.Database.Command[20101]
      Executed DbCommand (0ms) [Parameters=[@role_Id='?' (DbType = Int32)], CommandType='Text', CommandTimeout='30']
      SELECT r.claim_type, r.claim_value
      FROM role_claims AS r
      WHERE r.role_id = @role_Id
info: Microsoft.EntityFrameworkCore.Database.Command[20101]
      Executed DbCommand (2ms) [Parameters=[], CommandType='Text', CommandTimeout='30']
      SELECT g.id AS "Id", g.name AS "Name", (
          SELECT count(*)::int
          FROM students AS s
          WHERE g.id = s.group_id AND s.is_active) AS "Active"
      FROM groups AS g
info: Microsoft.EntityFrameworkCore.Database.Command[20101]
      Executed DbCommand (1ms) [Parameters=[], CommandType='Text', CommandTimeout='30']
      SELECT t.id, t.academic_year, t.credit_week_start, t.season, t.session_start
      FROM terms AS t
info: Microsoft.EntityFrameworkCore.Database.Command[20101]
      Executed DbCommand (1ms) [Parameters=[@normalizedRoleName='?'], CommandType='Text', CommandTimeout='30']
      SELECT r.id, r.concurrency_stamp, r.name, r.normalized_name
      FROM roles AS r
      WHERE r.normalized_name = @normalizedRoleName
      LIMIT 2
info: Microsoft.EntityFrameworkCore.Database.Command[20101]
      Executed DbCommand (1ms) [Parameters=[@role_Id='?' (DbType = Int32)], CommandType='Text', CommandTimeout='30']
      SELECT u0.id, u0.access_failed_count, u0.concurrency_stamp, u0.display_name, u0.email, u0.email_confirmed, u0.lockout_enabled, u0.lockout_end, u0.must_change_password, u0.normalized_email, u0.normalized_user_name, u0.password_hash, u0.phone_number, u0.phone_number_confirmed, u0.security_stamp, u0.two_factor_enabled, u0.user_name
      FROM user_roles AS u
      INNER JOIN users AS u0 ON u.user_id = u0.id
      WHERE u.role_id = @role_Id
info: Microsoft.EntityFrameworkCore.Database.Command[20101]
      Executed DbCommand (1ms) [Parameters=[], CommandType='Text', CommandTimeout='30']
      SELECT s.teacher_id AS "TeacherId", s.code AS "Code"
      FROM subjects AS s
      WHERE s.is_active
info: Microsoft.EntityFrameworkCore.Database.Command[20101]
      Executed DbCommand (1ms) [Parameters=[], CommandType='Text', CommandTimeout='30']
      SELECT u.id, u.access_failed_count, u.concurrency_stamp, u.display_name, u.email, u.email_confirmed, u.lockout_enabled, u.lockout_end, u.must_change_password, u.normalized_email, u.normalized_user_name, u.password_hash, u.phone_number, u.phone_number_confirmed, u.security_stamp, u.two_factor_enabled, u.user_name
      FROM users AS u
      ORDER BY u.display_name
info: Microsoft.EntityFrameworkCore.Database.Command[20101]
      Executed DbCommand (1ms) [Parameters=[], CommandType='Text', CommandTimeout='30']
      SELECT t.id, t.academic_year, t.credit_week_start, t.season, t.session_start
      FROM terms AS t
info: Microsoft.EntityFrameworkCore.Database.Command[20101]
      Executed DbCommand (1ms) [Parameters=[@normalizedRoleName='?'], CommandType='Text', CommandTimeout='30']
      SELECT r.id, r.concurrency_stamp, r.name, r.normalized_name
      FROM roles AS r
      WHERE r.normalized_name = @normalizedRoleName
      LIMIT 2
info: Microsoft.EntityFrameworkCore.Database.Command[20101]
      Executed DbCommand (1ms) [Parameters=[@role_Id='?' (DbType = Int32)], CommandType='Text', CommandTimeout='30']
      SELECT u0.id, u0.access_failed_count, u0.concurrency_stamp, u0.display_name, u0.email, u0.email_confirmed, u0.lockout_enabled, u0.lockout_end, u0.must_change_password, u0.normalized_email, u0.normalized_user_name, u0.password_hash, u0.phone_number, u0.phone_number_confirmed, u0.security_stamp, u0.two_factor_enabled, u0.user_name
      FROM user_roles AS u
      INNER JOIN users AS u0 ON u.user_id = u0.id
      WHERE u.role_id = @role_Id
info: Microsoft.EntityFrameworkCore.Database.Command[20101]
      Executed DbCommand (0ms) [Parameters=[], CommandType='Text', CommandTimeout='30']
      SELECT s.teacher_id AS "TeacherId", s.code AS "Code"
      FROM subjects AS s
      WHERE s.is_active
info: Microsoft.EntityFrameworkCore.Database.Command[20101]
      Executed DbCommand (0ms) [Parameters=[], CommandType='Text', CommandTimeout='30']
      SELECT u.id, u.access_failed_count, u.concurrency_stamp, u.display_name, u.email, u.email_confirmed, u.lockout_enabled, u.lockout_end, u.must_change_password, u.normalized_email, u.normalized_user_name, u.password_hash, u.phone_number, u.phone_number_confirmed, u.security_stamp, u.two_factor_enabled, u.user_name
      FROM users AS u
      ORDER BY u.display_name
info: Microsoft.EntityFrameworkCore.Database.Command[20101]
      Executed DbCommand (1ms) [Parameters=[@normalizedUserName='?'], CommandType='Text', CommandTimeout='30']
      SELECT u.id, u.access_failed_count, u.concurrency_stamp, u.display_name, u.email, u.email_confirmed, u.lockout_enabled, u.lockout_end, u.must_change_password, u.normalized_email, u.normalized_user_name, u.password_hash, u.phone_number, u.phone_number_confirmed, u.security_stamp, u.two_factor_enabled, u.user_name
      FROM users AS u
      WHERE u.normalized_user_name = @normalizedUserName
      LIMIT 1
info: Microsoft.EntityFrameworkCore.Database.Command[20101]
      Executed DbCommand (1ms) [Parameters=[@p0='?' (DbType = Int32), @p1='?', @p2='?', @p3='?', @p4='?' (DbType = Boolean), @p5='?' (DbType = Boolean), @p6='?' (DbType = DateTime), @p7='?' (DbType = Boolean), @p8='?', @p9='?', @p10='?', @p11='?', @p12='?' (DbType = Boolean), @p13='?', @p14='?' (DbType = Boolean), @p15='?'], CommandType='Text', CommandTimeout='30']
      INSERT INTO users (access_failed_count, concurrency_stamp, display_name, email, email_confirmed, lockout_enabled, lockout_end, must_change_password, normalized_email, normalized_user_name, password_hash, phone_number, phone_number_confirmed, security_stamp, two_factor_enabled, user_name)
      VALUES (@p0, @p1, @p2, @p3, @p4, @p5, @p6, @p7, @p8, @p9, @p10, @p11, @p12, @p13, @p14, @p15)
      RETURNING id;
info: Microsoft.EntityFrameworkCore.Database.Command[20101]
      Executed DbCommand (0ms) [Parameters=[@normalizedRoleName='?'], CommandType='Text', CommandTimeout='30']
      SELECT r.id, r.concurrency_stamp, r.name, r.normalized_name
      FROM roles AS r
      WHERE r.normalized_name = @normalizedRoleName
      LIMIT 2
info: Microsoft.EntityFrameworkCore.Database.Command[20101]
      Executed DbCommand (0ms) [Parameters=[@p='?' (DbType = Int32), @p1='?' (DbType = Int32)], CommandType='Text', CommandTimeout='30']
      SELECT u.user_id, u.role_id
      FROM user_roles AS u
      WHERE u.user_id = @p AND u.role_id = @p1
      LIMIT 1
info: Microsoft.EntityFrameworkCore.Database.Command[20101]
      Executed DbCommand (0ms) [Parameters=[@normalizedRoleName='?'], CommandType='Text', CommandTimeout='30']
      SELECT r.id, r.concurrency_stamp, r.name, r.normalized_name
      FROM roles AS r
      WHERE r.normalized_name = @normalizedRoleName
      LIMIT 2
info: Microsoft.EntityFrameworkCore.Database.Command[20101]
      Executed DbCommand (0ms) [Parameters=[@normalizedUserName='?'], CommandType='Text', CommandTimeout='30']
      SELECT u.id, u.access_failed_count, u.concurrency_stamp, u.display_name, u.email, u.email_confirmed, u.lockout_enabled, u.lockout_end, u.must_change_password, u.normalized_email, u.normalized_user_name, u.password_hash, u.phone_number, u.phone_number_confirmed, u.security_stamp, u.two_factor_enabled, u.user_name
      FROM users AS u
      WHERE u.normalized_user_name = @normalizedUserName
      LIMIT 1
info: Microsoft.EntityFrameworkCore.Database.Command[20101]
      Executed DbCommand (1ms) [Parameters=[@p0='?' (DbType = Int32), @p1='?' (DbType = Int32), @p18='?' (DbType = Int32), @p2='?' (DbType = Int32), @p3='?', @p19='?', @p4='?', @p5='?', @p6='?' (DbType = Boolean), @p7='?' (DbType = Boolean), @p8='?' (DbType = DateTime), @p9='?' (DbType = Boolean), @p10='?', @p11='?', @p12='?', @p13='?', @p14='?' (DbType = Boolean), @p15='?', @p16='?' (DbType = Boolean), @p17='?'], CommandType='Text', CommandTimeout='30']
      INSERT INTO user_roles (role_id, user_id)
      VALUES (@p0, @p1);
      UPDATE users SET access_failed_count = @p2, concurrency_stamp = @p3, display_name = @p4, email = @p5, email_confirmed = @p6, lockout_enabled = @p7, lockout_end = @p8, must_change_password = @p9, normalized_email = @p10, normalized_user_name = @p11, password_hash = @p12, phone_number = @p13, phone_number_confirmed = @p14, security_stamp = @p15, two_factor_enabled = @p16, user_name = @p17
      WHERE id = @p18 AND concurrency_stamp = @p19;
info: Microsoft.EntityFrameworkCore.Database.Command[20101]
      Executed DbCommand (1ms) [Parameters=[@normalizedRoleName='?'], CommandType='Text', CommandTimeout='30']
      SELECT r.id, r.concurrency_stamp, r.name, r.normalized_name
      FROM roles AS r
      WHERE r.normalized_name = @normalizedRoleName
      LIMIT 2
info: Microsoft.EntityFrameworkCore.Database.Command[20101]
      Executed DbCommand (1ms) [Parameters=[@role_Id='?' (DbType = Int32)], CommandType='Text', CommandTimeout='30']
      SELECT u0.id, u0.access_failed_count, u0.concurrency_stamp, u0.display_name, u0.email, u0.email_confirmed, u0.lockout_enabled, u0.lockout_end, u0.must_change_password, u0.normalized_email, u0.normalized_user_name, u0.password_hash, u0.phone_number, u0.phone_number_confirmed, u0.security_stamp, u0.two_factor_enabled, u0.user_name
      FROM user_roles AS u
      INNER JOIN users AS u0 ON u.user_id = u0.id
      WHERE u.role_id = @role_Id
info: Microsoft.EntityFrameworkCore.Database.Command[20101]
      Executed DbCommand (0ms) [Parameters=[], CommandType='Text', CommandTimeout='30']
      SELECT s.teacher_id AS "TeacherId", s.code AS "Code"
      FROM subjects AS s
      WHERE s.is_active
info: Microsoft.EntityFrameworkCore.Database.Command[20101]
      Executed DbCommand (0ms) [Parameters=[], CommandType='Text', CommandTimeout='30']
      SELECT u.id, u.access_failed_count, u.concurrency_stamp, u.display_name, u.email, u.email_confirmed, u.lockout_enabled, u.lockout_end, u.must_change_password, u.normalized_email, u.normalized_user_name, u.password_hash, u.phone_number, u.phone_number_confirmed, u.security_stamp, u.two_factor_enabled, u.user_name
      FROM users AS u
      ORDER BY u.display_name
info: Microsoft.EntityFrameworkCore.Database.Command[20101]
      Executed DbCommand (2ms) [Parameters=[], CommandType='Text', CommandTimeout='30']
      SELECT t.id, t.academic_year, t.credit_week_start, t.season, t.session_start
      FROM terms AS t
info: Microsoft.EntityFrameworkCore.Database.Command[20101]
      Executed DbCommand (1ms) [Parameters=[@term_AcademicYear='?', @term_Season='?'], CommandType='Text', CommandTimeout='30']
      SELECT EXISTS (
          SELECT 1
          FROM terms AS t
          WHERE t.academic_year = @term_AcademicYear AND t.season = @term_Season)
info: Microsoft.EntityFrameworkCore.Database.Command[20101]
      Executed DbCommand (2ms) [Parameters=[@p0='?', @p1='?' (DbType = Date), @p2='?', @p3='?' (DbType = Date)], CommandType='Text', CommandTimeout='30']
      INSERT INTO terms (academic_year, credit_week_start, season, session_start)
      VALUES (@p0, @p1, @p2, @p3)
      RETURNING id;
info: Microsoft.EntityFrameworkCore.Database.Command[20101]
      Executed DbCommand (0ms) [Parameters=[], CommandType='Text', CommandTimeout='30']
      SELECT t.id, t.academic_year, t.credit_week_start, t.season, t.session_start
      FROM terms AS t
warn: Microsoft.EntityFrameworkCore.Query[20504]
      Compiling a query which loads related collections for more than one collection navigation, either via 'Include' or through projection, but no 'QuerySplittingBehavior' has been configured. By default, Entity Framework will use 'QuerySplittingBehavior.SingleQuery', which can potentially result in slow query performance. See https://go.microsoft.com/fwlink/?linkid=2134277 for more information. To identify the query that's triggering this warning call 'ConfigureWarnings(w => w.Throw(RelationalEventId.MultipleCollectionIncludeWarning))'.
info: Microsoft.EntityFrameworkCore.Database.Command[20101]
      Executed DbCommand (2ms) [Parameters=[], CommandType='Text', CommandTimeout='30']
      SELECT g.id, g.admission_year, g.direction, g.name, g.name_key, s1.id, s1.first_name, s1.group_id, s1.is_active, s1.last_name, s1.middle_name, s1.id0, s1.created_at, s1.email, s1.source, s1.student_id
      FROM groups AS g
      LEFT JOIN (
          SELECT s.id, s.first_name, s.group_id, s.is_active, s.last_name, s.middle_name, s0.id AS id0, s0.created_at, s0.email, s0.source, s0.student_id
          FROM students AS s
          LEFT JOIN student_emails AS s0 ON s.id = s0.student_id
      ) AS s1 ON g.id = s1.group_id
      ORDER BY g.id, s1.id
warn: Microsoft.EntityFrameworkCore.Query[20504]
      Compiling a query which loads related collections for more than one collection navigation, either via 'Include' or through projection, but no 'QuerySplittingBehavior' has been configured. By default, Entity Framework will use 'QuerySplittingBehavior.SingleQuery', which can potentially result in slow query performance. See https://go.microsoft.com/fwlink/?linkid=2134277 for more information. To identify the query that's triggering this warning call 'ConfigureWarnings(w => w.Throw(RelationalEventId.MultipleCollectionIncludeWarning))'.
info: Microsoft.EntityFrameworkCore.Database.Command[20101]
      Executed DbCommand (1ms) [Parameters=[@key='?'], CommandType='Text', CommandTimeout='30']
      SELECT g0.id, g0.admission_year, g0.direction, g0.name, g0.name_key, s1.id, s1.first_name, s1.group_id, s1.is_active, s1.last_name, s1.middle_name, s1.id0, s1.created_at, s1.email, s1.source, s1.student_id
      FROM (
          SELECT g.id, g.admission_year, g.direction, g.name, g.name_key
          FROM groups AS g
          WHERE g.name_key = @key
          LIMIT 2
      ) AS g0
      LEFT JOIN (
          SELECT s.id, s.first_name, s.group_id, s.is_active, s.last_name, s.middle_name, s0.id AS id0, s0.created_at, s0.email, s0.source, s0.student_id
          FROM students AS s
          LEFT JOIN student_emails AS s0 ON s.id = s0.student_id
      ) AS s1 ON g0.id = s1.group_id
      ORDER BY g0.id, s1.id
info: Microsoft.EntityFrameworkCore.Database.Command[20101]
      Executed DbCommand (1ms) [Parameters=[@key='?'], CommandType='Text', CommandTimeout='30']
      SELECT g0.id, g0.admission_year, g0.direction, g0.name, g0.name_key, s1.id, s1.first_name, s1.group_id, s1.is_active, s1.last_name, s1.middle_name, s1.id0, s1.created_at, s1.email, s1.source, s1.student_id
      FROM (
          SELECT g.id, g.admission_year, g.direction, g.name, g.name_key
          FROM groups AS g
          WHERE g.name_key = @key
          LIMIT 2
      ) AS g0
      LEFT JOIN (
          SELECT s.id, s.first_name, s.group_id, s.is_active, s.last_name, s.middle_name, s0.id AS id0, s0.created_at, s0.email, s0.source, s0.student_id
          FROM students AS s
          LEFT JOIN student_emails AS s0 ON s.id = s0.student_id
      ) AS s1 ON g0.id = s1.group_id
      ORDER BY g0.id, s1.id
info: Microsoft.EntityFrameworkCore.Database.Command[20101]
      Executed DbCommand (1ms) [Parameters=[@p0='?' (DbType = Int32), @p1='?', @p2='?', @p3='?', @p4='?' (DbType = Int32), @p5='?', @p6='?', @p7='?'], CommandType='Text', CommandTimeout='30']
      INSERT INTO groups (admission_year, direction, name, name_key)
      VALUES (@p0, @p1, @p2, @p3)
      RETURNING id;
      INSERT INTO groups (admission_year, direction, name, name_key)
      VALUES (@p4, @p5, @p6, @p7)
      RETURNING id;
info: Microsoft.EntityFrameworkCore.Database.Command[20101]
      Executed DbCommand (6ms) [Parameters=[@p8='?', @p9='?' (DbType = Int32), @p10='?' (DbType = Boolean), @p11='?', @p12='?', @p13='?', @p14='?' (DbType = Int32), @p15='?' (DbType = Boolean), @p16='?', @p17='?', @p18='?', @p19='?' (DbType = Int32), @p20='?' (DbType = Boolean), @p21='?', @p22='?', @p23='?', @p24='?' (DbType = Int32), @p25='?' (DbType = Boolean), @p26='?', @p27='?', @p28='?', @p29='?' (DbType = Int32), @p30='?' (DbType = Boolean), @p31='?', @p32='?', @p33='?', @p34='?' (DbType = Int32), @p35='?' (DbType = Boolean), @p36='?', @p37='?', @p38='?', @p39='?' (DbType = Int32), @p40='?' (DbType = Boolean), @p41='?', @p42='?', @p43='?', @p44='?' (DbType = Int32), @p45='?' (DbType = Boolean), @p46='?', @p47='?', @p48='?', @p49='?' (DbType = Int32), @p50='?' (DbType = Boolean), @p51='?', @p52='?', @p53='?', @p54='?' (DbType = Int32), @p55='?' (DbType = Boolean), @p56='?', @p57='?', @p58='?', @p59='?' (DbType = Int32), @p60='?' (DbType = Boolean), @p61='?', @p62='?', @p63='?', @p64='?' (DbType = Int32), @p65='?' (DbType = Boolean), @p66='?', @p67='?', @p68='?', @p69='?' (DbType = Int32), @p70='?' (DbType = Boolean), @p71='?', @p72='?', @p73='?', @p74='?' (DbType = Int32), @p75='?' (DbType = Boolean), @p76='?', @p77='?', @p78='?', @p79='?' (DbType = Int32), @p80='?' (DbType = Boolean), @p81='?', @p82='?', @p83='?', @p84='?' (DbType = Int32), @p85='?' (DbType = Boolean), @p86='?', @p87='?', @p88='?', @p89='?' (DbType = Int32), @p90='?' (DbType = Boolean), @p91='?', @p92='?', @p93='?', @p94='?' (DbType = Int32), @p95='?' (DbType = Boolean), @p96='?', @p97='?', @p98='?', @p99='?' (DbType = Int32), @p100='?' (DbType = Boolean), @p101='?', @p102='?', @p103='?', @p104='?' (DbType = Int32), @p105='?' (DbType = Boolean), @p106='?', @p107='?', @p108='?', @p109='?' (DbType = Int32), @p110='?' (DbType = Boolean), @p111='?', @p112='?', @p113='?', @p114='?' (DbType = Int32), @p115='?' (DbType = Boolean), @p116='?', @p117='?', @p118='?', @p119='?' (DbType = Int32), @p120='?' (DbType = Boolean), @p121='?', @p122='?', @p123='?', @p124='?' (DbType = Int32), @p125='?' (DbType = Boolean), @p126='?', @p127='?', @p128='?', @p129='?' (DbType = Int32), @p130='?' (DbType = Boolean), @p131='?', @p132='?', @p133='?', @p134='?' (DbType = Int32), @p135='?' (DbType = Boolean), @p136='?', @p137='?', @p138='?', @p139='?' (DbType = Int32), @p140='?' (DbType = Boolean), @p141='?', @p142='?', @p143='?', @p144='?' (DbType = Int32), @p145='?' (DbType = Boolean), @p146='?', @p147='?', @p148='?', @p149='?' (DbType = Int32), @p150='?' (DbType = Boolean), @p151='?', @p152='?', @p153='?', @p154='?' (DbType = Int32), @p155='?' (DbType = Boolean), @p156='?', @p157='?', @p158='?', @p159='?' (DbType = Int32), @p160='?' (DbType = Boolean), @p161='?', @p162='?', @p163='?', @p164='?' (DbType = Int32), @p165='?' (DbType = Boolean), @p166='?', @p167='?', @p168='?', @p169='?' (DbType = Int32), @p170='?' (DbType = Boolean), @p171='?', @p172='?', @p173='?', @p174='?' (DbType = Int32), @p175='?' (DbType = Boolean), @p176='?', @p177='?', @p178='?', @p179='?' (DbType = Int32), @p180='?' (DbType = Boolean), @p181='?', @p182='?', @p183='?', @p184='?' (DbType = Int32), @p185='?' (DbType = Boolean), @p186='?', @p187='?', @p188='?', @p189='?' (DbType = Int32), @p190='?' (DbType = Boolean), @p191='?', @p192='?', @p193='?', @p194='?' (DbType = Int32), @p195='?' (DbType = Boolean), @p196='?', @p197='?', @p198='?', @p199='?' (DbType = Int32), @p200='?' (DbType = Boolean), @p201='?', @p202='?', @p203='?', @p204='?' (DbType = Int32), @p205='?' (DbType = Boolean), @p206='?', @p207='?', @p208='?', @p209='?' (DbType = Int32), @p210='?' (DbType = Boolean), @p211='?', @p212='?'], CommandType='Text', CommandTimeout='30']
      INSERT INTO students (first_name, group_id, is_active, last_name, middle_name)
      VALUES (@p8, @p9, @p10, @p11, @p12)
      RETURNING id;
      INSERT INTO students (first_name, group_id, is_active, last_name, middle_name)
      VALUES (@p13, @p14, @p15, @p16, @p17)
      RETURNING id;
      INSERT INTO students (first_name, group_id, is_active, last_name, middle_name)
      VALUES (@p18, @p19, @p20, @p21, @p22)
      RETURNING id;
      INSERT INTO students (first_name, group_id, is_active, last_name, middle_name)
      VALUES (@p23, @p24, @p25, @p26, @p27)
      RETURNING id;
      INSERT INTO students (first_name, group_id, is_active, last_name, middle_name)
      VALUES (@p28, @p29, @p30, @p31, @p32)
      RETURNING id;
      INSERT INTO students (first_name, group_id, is_active, last_name, middle_name)
      VALUES (@p33, @p34, @p35, @p36, @p37)
      RETURNING id;
      INSERT INTO students (first_name, group_id, is_active, last_name, middle_name)
      VALUES (@p38, @p39, @p40, @p41, @p42)
      RETURNING id;
      INSERT INTO students (first_name, group_id, is_active, last_name, middle_name)
      VALUES (@p43, @p44, @p45, @p46, @p47)
      RETURNING id;
      INSERT INTO students (first_name, group_id, is_active, last_name, middle_name)
      VALUES (@p48, @p49, @p50, @p51, @p52)
      RETURNING id;
      INSERT INTO students (first_name, group_id, is_active, last_name, middle_name)
      VALUES (@p53, @p54, @p55, @p56, @p57)
      RETURNING id;
      INSERT INTO students (first_name, group_id, is_active, last_name, middle_name)
      VALUES (@p58, @p59, @p60, @p61, @p62)
      RETURNING id;
      INSERT INTO students (first_name, group_id, is_active, last_name, middle_name)
      VALUES (@p63, @p64, @p65, @p66, @p67)
      RETURNING id;
      INSERT INTO students (first_name, group_id, is_active, last_name, middle_name)
      VALUES (@p68, @p69, @p70, @p71, @p72)
      RETURNING id;
      INSERT INTO students (first_name, group_id, is_active, last_name, middle_name)
      VALUES (@p73, @p74, @p75, @p76, @p77)
      RETURNING id;
      INSERT INTO students (first_name, group_id, is_active, last_name, middle_name)
      VALUES (@p78, @p79, @p80, @p81, @p82)
      RETURNING id;
      INSERT INTO students (first_name, group_id, is_active, last_name, middle_name)
      VALUES (@p83, @p84, @p85, @p86, @p87)
      RETURNING id;
      INSERT INTO students (first_name, group_id, is_active, last_name, middle_name)
      VALUES (@p88, @p89, @p90, @p91, @p92)
      RETURNING id;
      INSERT INTO students (first_name, group_id, is_active, last_name, middle_name)
      VALUES (@p93, @p94, @p95, @p96, @p97)
      RETURNING id;
      INSERT INTO students (first_name, group_id, is_active, last_name, middle_name)
      VALUES (@p98, @p99, @p100, @p101, @p102)
      RETURNING id;
      INSERT INTO students (first_name, group_id, is_active, last_name, middle_name)
      VALUES (@p103, @p104, @p105, @p106, @p107)
      RETURNING id;
      INSERT INTO students (first_name, group_id, is_active, last_name, middle_name)
      VALUES (@p108, @p109, @p110, @p111, @p112)
      RETURNING id;
      INSERT INTO students (first_name, group_id, is_active, last_name, middle_name)
      VALUES (@p113, @p114, @p115, @p116, @p117)
      RETURNING id;
      INSERT INTO students (first_name, group_id, is_active, last_name, middle_name)
      VALUES (@p118, @p119, @p120, @p121, @p122)
      RETURNING id;
      INSERT INTO students (first_name, group_id, is_active, last_name, middle_name)
      VALUES (@p123, @p124, @p125, @p126, @p127)
      RETURNING id;
      INSERT INTO students (first_name, group_id, is_active, last_name, middle_name)
      VALUES (@p128, @p129, @p130, @p131, @p132)
      RETURNING id;
      INSERT INTO students (first_name, group_id, is_active, last_name, middle_name)
      VALUES (@p133, @p134, @p135, @p136, @p137)
      RETURNING id;
      INSERT INTO students (first_name, group_id, is_active, last_name, middle_name)
      VALUES (@p138, @p139, @p140, @p141, @p142)
      RETURNING id;
      INSERT INTO students (first_name, group_id, is_active, last_name, middle_name)
      VALUES (@p143, @p144, @p145, @p146, @p147)
      RETURNING id;
      INSERT INTO students (first_name, group_id, is_active, last_name, middle_name)
      VALUES (@p148, @p149, @p150, @p151, @p152)
      RETURNING id;
      INSERT INTO students (first_name, group_id, is_active, last_name, middle_name)
      VALUES (@p153, @p154, @p155, @p156, @p157)
      RETURNING id;
      INSERT INTO students (first_name, group_id, is_active, last_name, middle_name)
      VALUES (@p158, @p159, @p160, @p161, @p162)
      RETURNING id;
      INSERT INTO students (first_name, group_id, is_active, last_name, middle_name)
      VALUES (@p163, @p164, @p165, @p166, @p167)
      RETURNING id;
      INSERT INTO students (first_name, group_id, is_active, last_name, middle_name)
      VALUES (@p168, @p169, @p170, @p171, @p172)
      RETURNING id;
      INSERT INTO students (first_name, group_id, is_active, last_name, middle_name)
      VALUES (@p173, @p174, @p175, @p176, @p177)
      RETURNING id;
      INSERT INTO students (first_name, group_id, is_active, last_name, middle_name)
      VALUES (@p178, @p179, @p180, @p181, @p182)
      RETURNING id;
      INSERT INTO students (first_name, group_id, is_active, last_name, middle_name)
      VALUES (@p183, @p184, @p185, @p186, @p187)
      RETURNING id;
      INSERT INTO students (first_name, group_id, is_active, last_name, middle_name)
      VALUES (@p188, @p189, @p190, @p191, @p192)
      RETURNING id;
      INSERT INTO students (first_name, group_id, is_active, last_name, middle_name)
      VALUES (@p193, @p194, @p195, @p196, @p197)
      RETURNING id;
      INSERT INTO students (first_name, group_id, is_active, last_name, middle_name)
      VALUES (@p198, @p199, @p200, @p201, @p202)
      RETURNING id;
      INSERT INTO students (first_name, group_id, is_active, last_name, middle_name)
      VALUES (@p203, @p204, @p205, @p206, @p207)
      RETURNING id;
      INSERT INTO students (first_name, group_id, is_active, last_name, middle_name)
      VALUES (@p208, @p209, @p210, @p211, @p212)
      RETURNING id;
info: Microsoft.EntityFrameworkCore.Database.Command[20101]
      Executed DbCommand (1ms) [Parameters=[], CommandType='Text', CommandTimeout='30']
      SELECT g.id AS "Id", g.name AS "Name", (
          SELECT count(*)::int
          FROM students AS s
          WHERE g.id = s.group_id AND s.is_active) AS "Active"
      FROM groups AS g
info: Microsoft.EntityFrameworkCore.Database.Command[20101]
      Executed DbCommand (0ms) [Parameters=[@id='?' (DbType = Int32)], CommandType='Text', CommandTimeout='30']
      SELECT g.id, g.admission_year, g.direction, g.name, g.name_key
      FROM groups AS g
      WHERE g.id = @id
      LIMIT 2
info: Microsoft.EntityFrameworkCore.Database.Command[20101]
      Executed DbCommand (1ms) [Parameters=[@Current_Id='?' (DbType = Int32)], CommandType='Text', CommandTimeout='30']
      SELECT s.id, s.first_name, s.group_id, s.is_active, s.last_name, s.middle_name, s0.id, s0.created_at, s0.email, s0.source, s0.student_id
      FROM students AS s
      LEFT JOIN student_emails AS s0 ON s.id = s0.student_id
      WHERE s.group_id = @Current_Id AND s.is_active
      ORDER BY s.id
info: Microsoft.EntityFrameworkCore.Database.Command[20101]
      Executed DbCommand (1ms) [Parameters=[@normalizedUserName='?'], CommandType='Text', CommandTimeout='30']
      SELECT u.id, u.access_failed_count, u.concurrency_stamp, u.display_name, u.email, u.email_confirmed, u.lockout_enabled, u.lockout_end, u.must_change_password, u.normalized_email, u.normalized_user_name, u.password_hash, u.phone_number, u.phone_number_confirmed, u.security_stamp, u.two_factor_enabled, u.user_name
      FROM users AS u
      WHERE u.normalized_user_name = @normalizedUserName
      LIMIT 1
info: Microsoft.EntityFrameworkCore.Database.Command[20101]
      Executed DbCommand (1ms) [Parameters=[@normalizedUserName='?'], CommandType='Text', CommandTimeout='30']
      SELECT u.id, u.access_failed_count, u.concurrency_stamp, u.display_name, u.email, u.email_confirmed, u.lockout_enabled, u.lockout_end, u.must_change_password, u.normalized_email, u.normalized_user_name, u.password_hash, u.phone_number, u.phone_number_confirmed, u.security_stamp, u.two_factor_enabled, u.user_name
      FROM users AS u
      WHERE u.normalized_user_name = @normalizedUserName
      LIMIT 1
info: Microsoft.EntityFrameworkCore.Database.Command[20101]
      Executed DbCommand (1ms) [Parameters=[@p16='?' (DbType = Int32), @p0='?' (DbType = Int32), @p1='?', @p17='?', @p2='?', @p3='?', @p4='?' (DbType = Boolean), @p5='?' (DbType = Boolean), @p6='?' (DbType = DateTime), @p7='?' (DbType = Boolean), @p8='?', @p9='?', @p10='?', @p11='?', @p12='?' (DbType = Boolean), @p13='?', @p14='?' (DbType = Boolean), @p15='?'], CommandType='Text', CommandTimeout='30']
      UPDATE users SET access_failed_count = @p0, concurrency_stamp = @p1, display_name = @p2, email = @p3, email_confirmed = @p4, lockout_enabled = @p5, lockout_end = @p6, must_change_password = @p7, normalized_email = @p8, normalized_user_name = @p9, password_hash = @p10, phone_number = @p11, phone_number_confirmed = @p12, security_stamp = @p13, two_factor_enabled = @p14, user_name = @p15
      WHERE id = @p16 AND concurrency_stamp = @p17;
info: Microsoft.EntityFrameworkCore.Database.Command[20101]
      Executed DbCommand (1ms) [Parameters=[@normalizedUserName='?'], CommandType='Text', CommandTimeout='30']
      SELECT u.id, u.access_failed_count, u.concurrency_stamp, u.display_name, u.email, u.email_confirmed, u.lockout_enabled, u.lockout_end, u.must_change_password, u.normalized_email, u.normalized_user_name, u.password_hash, u.phone_number, u.phone_number_confirmed, u.security_stamp, u.two_factor_enabled, u.user_name
      FROM users AS u
      WHERE u.normalized_user_name = @normalizedUserName
      LIMIT 1
info: Microsoft.EntityFrameworkCore.Database.Command[20101]
      Executed DbCommand (1ms) [Parameters=[@normalizedUserName='?'], CommandType='Text', CommandTimeout='30']
      SELECT u.id, u.access_failed_count, u.concurrency_stamp, u.display_name, u.email, u.email_confirmed, u.lockout_enabled, u.lockout_end, u.must_change_password, u.normalized_email, u.normalized_user_name, u.password_hash, u.phone_number, u.phone_number_confirmed, u.security_stamp, u.two_factor_enabled, u.user_name
      FROM users AS u
      WHERE u.normalized_user_name = @normalizedUserName
      LIMIT 1
info: Microsoft.EntityFrameworkCore.Database.Command[20101]
      Executed DbCommand (1ms) [Parameters=[@p16='?' (DbType = Int32), @p0='?' (DbType = Int32), @p1='?', @p17='?', @p2='?', @p3='?', @p4='?' (DbType = Boolean), @p5='?' (DbType = Boolean), @p6='?' (DbType = DateTime), @p7='?' (DbType = Boolean), @p8='?', @p9='?', @p10='?', @p11='?', @p12='?' (DbType = Boolean), @p13='?', @p14='?' (DbType = Boolean), @p15='?'], CommandType='Text', CommandTimeout='30']
      UPDATE users SET access_failed_count = @p0, concurrency_stamp = @p1, display_name = @p2, email = @p3, email_confirmed = @p4, lockout_enabled = @p5, lockout_end = @p6, must_change_password = @p7, normalized_email = @p8, normalized_user_name = @p9, password_hash = @p10, phone_number = @p11, phone_number_confirmed = @p12, security_stamp = @p13, two_factor_enabled = @p14, user_name = @p15
      WHERE id = @p16 AND concurrency_stamp = @p17;
info: Microsoft.EntityFrameworkCore.Database.Command[20101]
      Executed DbCommand (1ms) [Parameters=[@user_Id='?' (DbType = Int32)], CommandType='Text', CommandTimeout='30']
      SELECT u.id, u.claim_type, u.claim_value, u.user_id
      FROM user_claims AS u
      WHERE u.user_id = @user_Id
info: Microsoft.EntityFrameworkCore.Database.Command[20101]
      Executed DbCommand (1ms) [Parameters=[@userId='?' (DbType = Int32)], CommandType='Text', CommandTimeout='30']
      SELECT r.name
      FROM user_roles AS u
      INNER JOIN roles AS r ON u.role_id = r.id
      WHERE u.user_id = @userId
info: Microsoft.EntityFrameworkCore.Database.Command[20101]
      Executed DbCommand (0ms) [Parameters=[@normalizedName='?'], CommandType='Text', CommandTimeout='30']
      SELECT r.id, r.concurrency_stamp, r.name, r.normalized_name
      FROM roles AS r
      WHERE r.normalized_name = @normalizedName
      LIMIT 1
info: Microsoft.EntityFrameworkCore.Database.Command[20101]
      Executed DbCommand (0ms) [Parameters=[@role_Id='?' (DbType = Int32)], CommandType='Text', CommandTimeout='30']
      SELECT r.claim_type, r.claim_value
      FROM role_claims AS r
      WHERE r.role_id = @role_Id
info: Microsoft.EntityFrameworkCore.Database.Command[20101]
      Executed DbCommand (0ms) [Parameters=[@normalizedName='?'], CommandType='Text', CommandTimeout='30']
      SELECT r.id, r.concurrency_stamp, r.name, r.normalized_name
      FROM roles AS r
      WHERE r.normalized_name = @normalizedName
      LIMIT 1
info: Microsoft.EntityFrameworkCore.Database.Command[20101]
      Executed DbCommand (0ms) [Parameters=[@role_Id='?' (DbType = Int32)], CommandType='Text', CommandTimeout='30']
      SELECT r.claim_type, r.claim_value
      FROM role_claims AS r
      WHERE r.role_id = @role_Id
info: Microsoft.EntityFrameworkCore.Database.Command[20101]
      Executed DbCommand (1ms) [Parameters=[], CommandType='Text', CommandTimeout='30']
      SELECT g.id AS "Id", g.name AS "Name", (
          SELECT count(*)::int
          FROM students AS s
          WHERE g.id = s.group_id AND s.is_active) AS "Active"
      FROM groups AS g
info: Microsoft.EntityFrameworkCore.Database.Command[20101]
      Executed DbCommand (1ms) [Parameters=[@id='?' (DbType = Int32)], CommandType='Text', CommandTimeout='30']
      SELECT g.id, g.admission_year, g.direction, g.name, g.name_key
      FROM groups AS g
      WHERE g.id = @id
      LIMIT 2
info: Microsoft.EntityFrameworkCore.Database.Command[20101]
      Executed DbCommand (1ms) [Parameters=[@Current_Id='?' (DbType = Int32)], CommandType='Text', CommandTimeout='30']
      SELECT s.id, s.first_name, s.group_id, s.is_active, s.last_name, s.middle_name, s0.id, s0.created_at, s0.email, s0.source, s0.student_id
      FROM students AS s
      LEFT JOIN student_emails AS s0 ON s.id = s0.student_id
      WHERE s.group_id = @Current_Id AND s.is_active
      ORDER BY s.id
info: Microsoft.EntityFrameworkCore.Database.Command[20101]
      Executed DbCommand (1ms) [Parameters=[], CommandType='Text', CommandTimeout='30']
      SELECT t.id, t.academic_year, t.credit_week_start, t.season, t.session_start
      FROM terms AS t
info: Microsoft.EntityFrameworkCore.Database.Command[20101]
      Executed DbCommand (1ms) [Parameters=[@normalizedRoleName='?'], CommandType='Text', CommandTimeout='30']
      SELECT r.id, r.concurrency_stamp, r.name, r.normalized_name
      FROM roles AS r
      WHERE r.normalized_name = @normalizedRoleName
      LIMIT 2
info: Microsoft.EntityFrameworkCore.Database.Command[20101]
      Executed DbCommand (1ms) [Parameters=[@role_Id='?' (DbType = Int32)], CommandType='Text', CommandTimeout='30']
      SELECT u0.id, u0.access_failed_count, u0.concurrency_stamp, u0.display_name, u0.email, u0.email_confirmed, u0.lockout_enabled, u0.lockout_end, u0.must_change_password, u0.normalized_email, u0.normalized_user_name, u0.password_hash, u0.phone_number, u0.phone_number_confirmed, u0.security_stamp, u0.two_factor_enabled, u0.user_name
      FROM user_roles AS u
      INNER JOIN users AS u0 ON u.user_id = u0.id
      WHERE u.role_id = @role_Id
info: Microsoft.EntityFrameworkCore.Database.Command[20101]
      Executed DbCommand (0ms) [Parameters=[], CommandType='Text', CommandTimeout='30']
      SELECT s.teacher_id AS "TeacherId", s.code AS "Code"
      FROM subjects AS s
      WHERE s.is_active
info: Microsoft.EntityFrameworkCore.Database.Command[20101]
      Executed DbCommand (1ms) [Parameters=[], CommandType='Text', CommandTimeout='30']
      SELECT u.id, u.access_failed_count, u.concurrency_stamp, u.display_name, u.email, u.email_confirmed, u.lockout_enabled, u.lockout_end, u.must_change_password, u.normalized_email, u.normalized_user_name, u.password_hash, u.phone_number, u.phone_number_confirmed, u.security_stamp, u.two_factor_enabled, u.user_name
      FROM users AS u
      ORDER BY u.display_name
info: Microsoft.EntityFrameworkCore.Database.Command[20101]
      Executed DbCommand (1ms) [Parameters=[], CommandType='Text', CommandTimeout='30']
      SELECT t.id, t.academic_year, t.credit_week_start, t.season, t.session_start
      FROM terms AS t
info: Microsoft.EntityFrameworkCore.Database.Command[20101]
      Executed DbCommand (1ms) [Parameters=[@normalizedRoleName='?'], CommandType='Text', CommandTimeout='30']
      SELECT r.id, r.concurrency_stamp, r.name, r.normalized_name
      FROM roles AS r
      WHERE r.normalized_name = @normalizedRoleName
      LIMIT 2
info: Microsoft.EntityFrameworkCore.Database.Command[20101]
      Executed DbCommand (1ms) [Parameters=[@role_Id='?' (DbType = Int32)], CommandType='Text', CommandTimeout='30']
      SELECT u0.id, u0.access_failed_count, u0.concurrency_stamp, u0.display_name, u0.email, u0.email_confirmed, u0.lockout_enabled, u0.lockout_end, u0.must_change_password, u0.normalized_email, u0.normalized_user_name, u0.password_hash, u0.phone_number, u0.phone_number_confirmed, u0.security_stamp, u0.two_factor_enabled, u0.user_name
      FROM user_roles AS u
      INNER JOIN users AS u0 ON u.user_id = u0.id
      WHERE u.role_id = @role_Id
info: Microsoft.EntityFrameworkCore.Database.Command[20101]
      Executed DbCommand (0ms) [Parameters=[], CommandType='Text', CommandTimeout='30']
      SELECT s.teacher_id AS "TeacherId", s.code AS "Code"
      FROM subjects AS s
      WHERE s.is_active
info: Microsoft.EntityFrameworkCore.Database.Command[20101]
      Executed DbCommand (0ms) [Parameters=[], CommandType='Text', CommandTimeout='30']
      SELECT u.id, u.access_failed_count, u.concurrency_stamp, u.display_name, u.email, u.email_confirmed, u.lockout_enabled, u.lockout_end, u.must_change_password, u.normalized_email, u.normalized_user_name, u.password_hash, u.phone_number, u.phone_number_confirmed, u.security_stamp, u.two_factor_enabled, u.user_name
      FROM users AS u
      ORDER BY u.display_name
info: Microsoft.EntityFrameworkCore.Database.Command[20101]
      Executed DbCommand (1ms) [Parameters=[@normalizedUserName='?'], CommandType='Text', CommandTimeout='30']
      SELECT u.id, u.access_failed_count, u.concurrency_stamp, u.display_name, u.email, u.email_confirmed, u.lockout_enabled, u.lockout_end, u.must_change_password, u.normalized_email, u.normalized_user_name, u.password_hash, u.phone_number, u.phone_number_confirmed, u.security_stamp, u.two_factor_enabled, u.user_name
      FROM users AS u
      WHERE u.normalized_user_name = @normalizedUserName
      LIMIT 1
info: Microsoft.EntityFrameworkCore.Database.Command[20101]
      Executed DbCommand (1ms) [Parameters=[@p0='?' (DbType = Int32), @p1='?', @p2='?', @p3='?', @p4='?' (DbType = Boolean), @p5='?' (DbType = Boolean), @p6='?' (DbType = DateTime), @p7='?' (DbType = Boolean), @p8='?', @p9='?', @p10='?', @p11='?', @p12='?' (DbType = Boolean), @p13='?', @p14='?' (DbType = Boolean), @p15='?'], CommandType='Text', CommandTimeout='30']
      INSERT INTO users (access_failed_count, concurrency_stamp, display_name, email, email_confirmed, lockout_enabled, lockout_end, must_change_password, normalized_email, normalized_user_name, password_hash, phone_number, phone_number_confirmed, security_stamp, two_factor_enabled, user_name)
      VALUES (@p0, @p1, @p2, @p3, @p4, @p5, @p6, @p7, @p8, @p9, @p10, @p11, @p12, @p13, @p14, @p15)
      RETURNING id;
info: Microsoft.EntityFrameworkCore.Database.Command[20101]
      Executed DbCommand (0ms) [Parameters=[@normalizedRoleName='?'], CommandType='Text', CommandTimeout='30']
      SELECT r.id, r.concurrency_stamp, r.name, r.normalized_name
      FROM roles AS r
      WHERE r.normalized_name = @normalizedRoleName
      LIMIT 2
info: Microsoft.EntityFrameworkCore.Database.Command[20101]
      Executed DbCommand (0ms) [Parameters=[@p='?' (DbType = Int32), @p1='?' (DbType = Int32)], CommandType='Text', CommandTimeout='30']
      SELECT u.user_id, u.role_id
      FROM user_roles AS u
      WHERE u.user_id = @p AND u.role_id = @p1
      LIMIT 1
info: Microsoft.EntityFrameworkCore.Database.Command[20101]
      Executed DbCommand (0ms) [Parameters=[@normalizedRoleName='?'], CommandType='Text', CommandTimeout='30']
      SELECT r.id, r.concurrency_stamp, r.name, r.normalized_name
      FROM roles AS r
      WHERE r.normalized_name = @normalizedRoleName
      LIMIT 2
info: Microsoft.EntityFrameworkCore.Database.Command[20101]
      Executed DbCommand (0ms) [Parameters=[@normalizedUserName='?'], CommandType='Text', CommandTimeout='30']
      SELECT u.id, u.access_failed_count, u.concurrency_stamp, u.display_name, u.email, u.email_confirmed, u.lockout_enabled, u.lockout_end, u.must_change_password, u.normalized_email, u.normalized_user_name, u.password_hash, u.phone_number, u.phone_number_confirmed, u.security_stamp, u.two_factor_enabled, u.user_name
      FROM users AS u
      WHERE u.normalized_user_name = @normalizedUserName
      LIMIT 1
info: Microsoft.EntityFrameworkCore.Database.Command[20101]
      Executed DbCommand (1ms) [Parameters=[@p0='?' (DbType = Int32), @p1='?' (DbType = Int32), @p18='?' (DbType = Int32), @p2='?' (DbType = Int32), @p3='?', @p19='?', @p4='?', @p5='?', @p6='?' (DbType = Boolean), @p7='?' (DbType = Boolean), @p8='?' (DbType = DateTime), @p9='?' (DbType = Boolean), @p10='?', @p11='?', @p12='?', @p13='?', @p14='?' (DbType = Boolean), @p15='?', @p16='?' (DbType = Boolean), @p17='?'], CommandType='Text', CommandTimeout='30']
      INSERT INTO user_roles (role_id, user_id)
      VALUES (@p0, @p1);
      UPDATE users SET access_failed_count = @p2, concurrency_stamp = @p3, display_name = @p4, email = @p5, email_confirmed = @p6, lockout_enabled = @p7, lockout_end = @p8, must_change_password = @p9, normalized_email = @p10, normalized_user_name = @p11, password_hash = @p12, phone_number = @p13, phone_number_confirmed = @p14, security_stamp = @p15, two_factor_enabled = @p16, user_name = @p17
      WHERE id = @p18 AND concurrency_stamp = @p19;
info: Microsoft.EntityFrameworkCore.Database.Command[20101]
      Executed DbCommand (0ms) [Parameters=[@normalizedRoleName='?'], CommandType='Text', CommandTimeout='30']
      SELECT r.id, r.concurrency_stamp, r.name, r.normalized_name
      FROM roles AS r
      WHERE r.normalized_name = @normalizedRoleName
      LIMIT 2
info: Microsoft.EntityFrameworkCore.Database.Command[20101]
      Executed DbCommand (1ms) [Parameters=[@role_Id='?' (DbType = Int32)], CommandType='Text', CommandTimeout='30']
      SELECT u0.id, u0.access_failed_count, u0.concurrency_stamp, u0.display_name, u0.email, u0.email_confirmed, u0.lockout_enabled, u0.lockout_end, u0.must_change_password, u0.normalized_email, u0.normalized_user_name, u0.password_hash, u0.phone_number, u0.phone_number_confirmed, u0.security_stamp, u0.two_factor_enabled, u0.user_name
      FROM user_roles AS u
      INNER JOIN users AS u0 ON u.user_id = u0.id
      WHERE u.role_id = @role_Id
info: Microsoft.EntityFrameworkCore.Database.Command[20101]
      Executed DbCommand (0ms) [Parameters=[], CommandType='Text', CommandTimeout='30']
      SELECT s.teacher_id AS "TeacherId", s.code AS "Code"
      FROM subjects AS s
      WHERE s.is_active
info: Microsoft.EntityFrameworkCore.Database.Command[20101]
      Executed DbCommand (0ms) [Parameters=[], CommandType='Text', CommandTimeout='30']
      SELECT u.id, u.access_failed_count, u.concurrency_stamp, u.display_name, u.email, u.email_confirmed, u.lockout_enabled, u.lockout_end, u.must_change_password, u.normalized_email, u.normalized_user_name, u.password_hash, u.phone_number, u.phone_number_confirmed, u.security_stamp, u.two_factor_enabled, u.user_name
      FROM users AS u
      ORDER BY u.display_name
info: Microsoft.EntityFrameworkCore.Database.Command[20101]
      Executed DbCommand (1ms) [Parameters=[], CommandType='Text', CommandTimeout='30']
      SELECT t.id, t.academic_year, t.credit_week_start, t.season, t.session_start
      FROM terms AS t
info: Microsoft.EntityFrameworkCore.Database.Command[20101]
      Executed DbCommand (1ms) [Parameters=[@term_AcademicYear='?', @term_Season='?'], CommandType='Text', CommandTimeout='30']
      SELECT EXISTS (
          SELECT 1
          FROM terms AS t
          WHERE t.academic_year = @term_AcademicYear AND t.season = @term_Season)
info: Microsoft.EntityFrameworkCore.Database.Command[20101]
      Executed DbCommand (0ms) [Parameters=[], CommandType='Text', CommandTimeout='30']
      SELECT t.id, t.academic_year, t.credit_week_start, t.season, t.session_start
      FROM terms AS t
info: Microsoft.EntityFrameworkCore.Database.Command[20101]
      Executed DbCommand (1ms) [Parameters=[], CommandType='Text', CommandTimeout='30']
      SELECT g.id AS "Id", g.name AS "Name", (
          SELECT count(*)::int
          FROM students AS s
          WHERE g.id = s.group_id AND s.is_active) AS "Active"
      FROM groups AS g
info: Microsoft.EntityFrameworkCore.Database.Command[20101]
      Executed DbCommand (0ms) [Parameters=[@id='?' (DbType = Int32)], CommandType='Text', CommandTimeout='30']
      SELECT g.id, g.admission_year, g.direction, g.name, g.name_key
      FROM groups AS g
      WHERE g.id = @id
      LIMIT 2
info: Microsoft.EntityFrameworkCore.Database.Command[20101]
      Executed DbCommand (1ms) [Parameters=[@Current_Id='?' (DbType = Int32)], CommandType='Text', CommandTimeout='30']
      SELECT s.id, s.first_name, s.group_id, s.is_active, s.last_name, s.middle_name, s0.id, s0.created_at, s0.email, s0.source, s0.student_id
      FROM students AS s
      LEFT JOIN student_emails AS s0 ON s.id = s0.student_id
      WHERE s.group_id = @Current_Id AND s.is_active
      ORDER BY s.id
