fail: Microsoft.EntityFrameworkCore.Database.Command[20102]
      Failed executing DbCommand (19ms) [Parameters=[], CommandType='Text', CommandTimeout='30']
      SELECT "MigrationId", "ProductVersion"
      FROM "__EFMigrationsHistory"
      ORDER BY "MigrationId";
info: LabScaner.Infrastructure.Persistence.DatabaseMigration[1335799732]
      Применение миграций БД: 20261004192026_AddDirectories, 20261005063141_AddIdentityAndSubjects
fail: Microsoft.EntityFrameworkCore.Database.Command[20102]
      Failed executing DbCommand (3ms) [Parameters=[], CommandType='Text', CommandTimeout='30']
      SELECT "MigrationId", "ProductVersion"
      FROM "__EFMigrationsHistory"
      ORDER BY "MigrationId";
info: Microsoft.EntityFrameworkCore.Migrations[20402]
      Applying migration '20261004192026_AddDirectories'.
info: Microsoft.EntityFrameworkCore.Migrations[20402]
      Applying migration '20261005063141_AddIdentityAndSubjects'.
info: Microsoft.EntityFrameworkCore.Database.Command[20101]
      Executed DbCommand (24ms) [Parameters=[@normalizedName='?'], CommandType='Text', CommandTimeout='30']
      SELECT r.id, r.concurrency_stamp, r.name, r.normalized_name
      FROM roles AS r
      WHERE r.normalized_name = @normalizedName
      LIMIT 1
info: Microsoft.EntityFrameworkCore.Database.Command[20101]
      Executed DbCommand (1ms) [Parameters=[@normalizedName='?'], CommandType='Text', CommandTimeout='30']
      SELECT r.id, r.concurrency_stamp, r.name, r.normalized_name
      FROM roles AS r
      WHERE r.normalized_name = @normalizedName
      LIMIT 1
info: Microsoft.EntityFrameworkCore.Database.Command[20101]
      Executed DbCommand (2ms) [Parameters=[@p0='?', @p1='?', @p2='?'], CommandType='Text', CommandTimeout='30']
      INSERT INTO roles (concurrency_stamp, name, normalized_name)
      VALUES (@p0, @p1, @p2)
      RETURNING id;
info: Microsoft.EntityFrameworkCore.Database.Command[20101]
      Executed DbCommand (1ms) [Parameters=[@normalizedName='?'], CommandType='Text', CommandTimeout='30']
      SELECT r.id, r.concurrency_stamp, r.name, r.normalized_name
      FROM roles AS r
      WHERE r.normalized_name = @normalizedName
      LIMIT 1
info: Microsoft.EntityFrameworkCore.Database.Command[20101]
      Executed DbCommand (0ms) [Parameters=[@normalizedName='?'], CommandType='Text', CommandTimeout='30']
      SELECT r.id, r.concurrency_stamp, r.name, r.normalized_name
      FROM roles AS r
      WHERE r.normalized_name = @normalizedName
      LIMIT 1
info: Microsoft.EntityFrameworkCore.Database.Command[20101]
      Executed DbCommand (1ms) [Parameters=[@p0='?', @p1='?', @p2='?'], CommandType='Text', CommandTimeout='30']
      INSERT INTO roles (concurrency_stamp, name, normalized_name)
      VALUES (@p0, @p1, @p2)
      RETURNING id;
info: Microsoft.EntityFrameworkCore.Database.Command[20101]
      Executed DbCommand (0ms) [Parameters=[@normalizedRoleName='?'], CommandType='Text', CommandTimeout='30']
      SELECT r.id, r.concurrency_stamp, r.name, r.normalized_name
      FROM roles AS r
      WHERE r.normalized_name = @normalizedRoleName
      LIMIT 2
info: Microsoft.EntityFrameworkCore.Database.Command[20101]
      Executed DbCommand (2ms) [Parameters=[@role_Id='?' (DbType = Int32)], CommandType='Text', CommandTimeout='30']
      SELECT u0.id, u0.access_failed_count, u0.concurrency_stamp, u0.display_name, u0.email, u0.email_confirmed, u0.lockout_enabled, u0.lockout_end, u0.normalized_email, u0.normalized_user_name, u0.password_hash, u0.phone_number, u0.phone_number_confirmed, u0.security_stamp, u0.two_factor_enabled, u0.user_name
      FROM user_roles AS u
      INNER JOIN users AS u0 ON u.user_id = u0.id
      WHERE u.role_id = @role_Id
info: Microsoft.EntityFrameworkCore.Database.Command[20101]
      Executed DbCommand (1ms) [Parameters=[@normalizedUserName='?'], CommandType='Text', CommandTimeout='30']
      SELECT u.id, u.access_failed_count, u.concurrency_stamp, u.display_name, u.email, u.email_confirmed, u.lockout_enabled, u.lockout_end, u.normalized_email, u.normalized_user_name, u.password_hash, u.phone_number, u.phone_number_confirmed, u.security_stamp, u.two_factor_enabled, u.user_name
      FROM users AS u
      WHERE u.normalized_user_name = @normalizedUserName
      LIMIT 1
info: Microsoft.EntityFrameworkCore.Database.Command[20101]
      Executed DbCommand (5ms) [Parameters=[@p0='?' (DbType = Int32), @p1='?', @p2='?', @p3='?', @p4='?' (DbType = Boolean), @p5='?' (DbType = Boolean), @p6='?' (DbType = DateTime), @p7='?', @p8='?', @p9='?', @p10='?', @p11='?' (DbType = Boolean), @p12='?', @p13='?' (DbType = Boolean), @p14='?'], CommandType='Text', CommandTimeout='30']
      INSERT INTO users (access_failed_count, concurrency_stamp, display_name, email, email_confirmed, lockout_enabled, lockout_end, normalized_email, normalized_user_name, password_hash, phone_number, phone_number_confirmed, security_stamp, two_factor_enabled, user_name)
      VALUES (@p0, @p1, @p2, @p3, @p4, @p5, @p6, @p7, @p8, @p9, @p10, @p11, @p12, @p13, @p14)
      RETURNING id;
info: Microsoft.EntityFrameworkCore.Database.Command[20101]
      Executed DbCommand (1ms) [Parameters=[@normalizedRoleName='?'], CommandType='Text', CommandTimeout='30']
      SELECT r.id, r.concurrency_stamp, r.name, r.normalized_name
      FROM roles AS r
      WHERE r.normalized_name = @normalizedRoleName
      LIMIT 2
info: Microsoft.EntityFrameworkCore.Database.Command[20101]
      Executed DbCommand (1ms) [Parameters=[@p='?' (DbType = Int32), @p1='?' (DbType = Int32)], CommandType='Text', CommandTimeout='30']
      SELECT u.user_id, u.role_id
      FROM user_roles AS u
      WHERE u.user_id = @p AND u.role_id = @p1
      LIMIT 1
info: Microsoft.EntityFrameworkCore.Database.Command[20101]
      Executed DbCommand (1ms) [Parameters=[@normalizedRoleName='?'], CommandType='Text', CommandTimeout='30']
      SELECT r.id, r.concurrency_stamp, r.name, r.normalized_name
      FROM roles AS r
      WHERE r.normalized_name = @normalizedRoleName
      LIMIT 2
info: Microsoft.EntityFrameworkCore.Database.Command[20101]
      Executed DbCommand (1ms) [Parameters=[@normalizedRoleName='?'], CommandType='Text', CommandTimeout='30']
      SELECT r.id, r.concurrency_stamp, r.name, r.normalized_name
      FROM roles AS r
      WHERE r.normalized_name = @normalizedRoleName
      LIMIT 2
info: Microsoft.EntityFrameworkCore.Database.Command[20101]
      Executed DbCommand (1ms) [Parameters=[@p='?' (DbType = Int32), @p1='?' (DbType = Int32)], CommandType='Text', CommandTimeout='30']
      SELECT u.user_id, u.role_id
      FROM user_roles AS u
      WHERE u.user_id = @p AND u.role_id = @p1
      LIMIT 1
info: Microsoft.EntityFrameworkCore.Database.Command[20101]
      Executed DbCommand (0ms) [Parameters=[@normalizedRoleName='?'], CommandType='Text', CommandTimeout='30']
      SELECT r.id, r.concurrency_stamp, r.name, r.normalized_name
      FROM roles AS r
      WHERE r.normalized_name = @normalizedRoleName
      LIMIT 2
info: Microsoft.EntityFrameworkCore.Database.Command[20101]
      Executed DbCommand (1ms) [Parameters=[@normalizedUserName='?'], CommandType='Text', CommandTimeout='30']
      SELECT u.id, u.access_failed_count, u.concurrency_stamp, u.display_name, u.email, u.email_confirmed, u.lockout_enabled, u.lockout_end, u.normalized_email, u.normalized_user_name, u.password_hash, u.phone_number, u.phone_number_confirmed, u.security_stamp, u.two_factor_enabled, u.user_name
      FROM users AS u
      WHERE u.normalized_user_name = @normalizedUserName
      LIMIT 1
info: Microsoft.EntityFrameworkCore.Database.Command[20101]
      Executed DbCommand (2ms) [Parameters=[@p0='?' (DbType = Int32), @p1='?' (DbType = Int32), @p2='?' (DbType = Int32), @p3='?' (DbType = Int32), @p19='?' (DbType = Int32), @p4='?' (DbType = Int32), @p5='?', @p20='?', @p6='?', @p7='?', @p8='?' (DbType = Boolean), @p9='?' (DbType = Boolean), @p10='?' (DbType = DateTime), @p11='?', @p12='?', @p13='?', @p14='?', @p15='?' (DbType = Boolean), @p16='?', @p17='?' (DbType = Boolean), @p18='?'], CommandType='Text', CommandTimeout='30']
      INSERT INTO user_roles (role_id, user_id)
      VALUES (@p0, @p1);
      INSERT INTO user_roles (role_id, user_id)
      VALUES (@p2, @p3);
      UPDATE users SET access_failed_count = @p4, concurrency_stamp = @p5, display_name = @p6, email = @p7, email_confirmed = @p8, lockout_enabled = @p9, lockout_end = @p10, normalized_email = @p11, normalized_user_name = @p12, password_hash = @p13, phone_number = @p14, phone_number_confirmed = @p15, security_stamp = @p16, two_factor_enabled = @p17, user_name = @p18
      WHERE id = @p19 AND concurrency_stamp = @p20;
info: LabScaner.Infrastructure.Identity.IdentitySeeder[2037226992]
      Создан первый администратор admin.
warn: Microsoft.AspNetCore.DataProtection.KeyManagement.XmlKeyManager[35]
      No XML encryptor configured. Key {4bb9519d-d716-4086-ad44-edd0ce28ae60} may be persisted to storage in unencrypted form.
info: Microsoft.Hosting.Lifetime[14]
      Now listening on: http://127.0.0.1:5080
info: Microsoft.Hosting.Lifetime[0]
      Application started. Press Ctrl+C to shut down.
info: Microsoft.Hosting.Lifetime[0]
      Hosting environment: Production
info: Microsoft.Hosting.Lifetime[0]
      Content root path: /home/runner/work/labScaner/labScaner/publish
info: Microsoft.EntityFrameworkCore.Database.Command[20101]
      Executed DbCommand (1ms) [Parameters=[], CommandType='Text', CommandTimeout='30']
      SELECT 1
info: Microsoft.EntityFrameworkCore.Database.Command[20101]
      Executed DbCommand (1ms) [Parameters=[@normalizedUserName='?'], CommandType='Text', CommandTimeout='30']
      SELECT u.id, u.access_failed_count, u.concurrency_stamp, u.display_name, u.email, u.email_confirmed, u.lockout_enabled, u.lockout_end, u.normalized_email, u.normalized_user_name, u.password_hash, u.phone_number, u.phone_number_confirmed, u.security_stamp, u.two_factor_enabled, u.user_name
      FROM users AS u
      WHERE u.normalized_user_name = @normalizedUserName
      LIMIT 1
info: Microsoft.EntityFrameworkCore.Database.Command[20101]
      Executed DbCommand (1ms) [Parameters=[@normalizedUserName='?'], CommandType='Text', CommandTimeout='30']
      SELECT u.id, u.access_failed_count, u.concurrency_stamp, u.display_name, u.email, u.email_confirmed, u.lockout_enabled, u.lockout_end, u.normalized_email, u.normalized_user_name, u.password_hash, u.phone_number, u.phone_number_confirmed, u.security_stamp, u.two_factor_enabled, u.user_name
      FROM users AS u
      WHERE u.normalized_user_name = @normalizedUserName
      LIMIT 1
info: Microsoft.EntityFrameworkCore.Database.Command[20101]
      Executed DbCommand (1ms) [Parameters=[@p15='?' (DbType = Int32), @p0='?' (DbType = Int32), @p1='?', @p16='?', @p2='?', @p3='?', @p4='?' (DbType = Boolean), @p5='?' (DbType = Boolean), @p6='?' (DbType = DateTime), @p7='?', @p8='?', @p9='?', @p10='?', @p11='?' (DbType = Boolean), @p12='?', @p13='?' (DbType = Boolean), @p14='?'], CommandType='Text', CommandTimeout='30']
      UPDATE users SET access_failed_count = @p0, concurrency_stamp = @p1, display_name = @p2, email = @p3, email_confirmed = @p4, lockout_enabled = @p5, lockout_end = @p6, normalized_email = @p7, normalized_user_name = @p8, password_hash = @p9, phone_number = @p10, phone_number_confirmed = @p11, security_stamp = @p12, two_factor_enabled = @p13, user_name = @p14
      WHERE id = @p15 AND concurrency_stamp = @p16;
info: Microsoft.EntityFrameworkCore.Database.Command[20101]
      Executed DbCommand (1ms) [Parameters=[@normalizedUserName='?'], CommandType='Text', CommandTimeout='30']
      SELECT u.id, u.access_failed_count, u.concurrency_stamp, u.display_name, u.email, u.email_confirmed, u.lockout_enabled, u.lockout_end, u.normalized_email, u.normalized_user_name, u.password_hash, u.phone_number, u.phone_number_confirmed, u.security_stamp, u.two_factor_enabled, u.user_name
      FROM users AS u
      WHERE u.normalized_user_name = @normalizedUserName
      LIMIT 1
info: Microsoft.EntityFrameworkCore.Database.Command[20101]
      Executed DbCommand (1ms) [Parameters=[@normalizedUserName='?'], CommandType='Text', CommandTimeout='30']
      SELECT u.id, u.access_failed_count, u.concurrency_stamp, u.display_name, u.email, u.email_confirmed, u.lockout_enabled, u.lockout_end, u.normalized_email, u.normalized_user_name, u.password_hash, u.phone_number, u.phone_number_confirmed, u.security_stamp, u.two_factor_enabled, u.user_name
      FROM users AS u
      WHERE u.normalized_user_name = @normalizedUserName
      LIMIT 1
info: Microsoft.EntityFrameworkCore.Database.Command[20101]
      Executed DbCommand (1ms) [Parameters=[@p15='?' (DbType = Int32), @p0='?' (DbType = Int32), @p1='?', @p16='?', @p2='?', @p3='?', @p4='?' (DbType = Boolean), @p5='?' (DbType = Boolean), @p6='?' (DbType = DateTime), @p7='?', @p8='?', @p9='?', @p10='?', @p11='?' (DbType = Boolean), @p12='?', @p13='?' (DbType = Boolean), @p14='?'], CommandType='Text', CommandTimeout='30']
      UPDATE users SET access_failed_count = @p0, concurrency_stamp = @p1, display_name = @p2, email = @p3, email_confirmed = @p4, lockout_enabled = @p5, lockout_end = @p6, normalized_email = @p7, normalized_user_name = @p8, password_hash = @p9, phone_number = @p10, phone_number_confirmed = @p11, security_stamp = @p12, two_factor_enabled = @p13, user_name = @p14
      WHERE id = @p15 AND concurrency_stamp = @p16;
info: Microsoft.EntityFrameworkCore.Database.Command[20101]
      Executed DbCommand (1ms) [Parameters=[@user_Id='?' (DbType = Int32)], CommandType='Text', CommandTimeout='30']
      SELECT u.id, u.claim_type, u.claim_value, u.user_id
      FROM user_claims AS u
      WHERE u.user_id = @user_Id
info: Microsoft.EntityFrameworkCore.Database.Command[20101]
      Executed DbCommand (1ms) [Parameters=[@userId='?' (DbType = Int32)], CommandType='Text', CommandTimeout='30']
      SELECT r.name
      FROM user_roles AS u
      INNER JOIN roles AS r ON u.role_id = r.id
      WHERE u.user_id = @userId
info: Microsoft.EntityFrameworkCore.Database.Command[20101]
      Executed DbCommand (1ms) [Parameters=[@normalizedName='?'], CommandType='Text', CommandTimeout='30']
      SELECT r.id, r.concurrency_stamp, r.name, r.normalized_name
      FROM roles AS r
      WHERE r.normalized_name = @normalizedName
      LIMIT 1
info: Microsoft.EntityFrameworkCore.Database.Command[20101]
      Executed DbCommand (1ms) [Parameters=[@role_Id='?' (DbType = Int32)], CommandType='Text', CommandTimeout='30']
      SELECT r.claim_type, r.claim_value
      FROM role_claims AS r
      WHERE r.role_id = @role_Id
info: Microsoft.EntityFrameworkCore.Database.Command[20101]
      Executed DbCommand (1ms) [Parameters=[@normalizedName='?'], CommandType='Text', CommandTimeout='30']
      SELECT r.id, r.concurrency_stamp, r.name, r.normalized_name
      FROM roles AS r
      WHERE r.normalized_name = @normalizedName
      LIMIT 1
info: Microsoft.EntityFrameworkCore.Database.Command[20101]
      Executed DbCommand (0ms) [Parameters=[@role_Id='?' (DbType = Int32)], CommandType='Text', CommandTimeout='30']
      SELECT r.claim_type, r.claim_value
      FROM role_claims AS r
      WHERE r.role_id = @role_Id
info: Microsoft.EntityFrameworkCore.Database.Command[20101]
      Executed DbCommand (1ms) [Parameters=[@normalizedUserName='?'], CommandType='Text', CommandTimeout='30']
      SELECT u.id, u.access_failed_count, u.concurrency_stamp, u.display_name, u.email, u.email_confirmed, u.lockout_enabled, u.lockout_end, u.normalized_email, u.normalized_user_name, u.password_hash, u.phone_number, u.phone_number_confirmed, u.security_stamp, u.two_factor_enabled, u.user_name
      FROM users AS u
      WHERE u.normalized_user_name = @normalizedUserName
      LIMIT 1
info: Microsoft.EntityFrameworkCore.Database.Command[20101]
      Executed DbCommand (1ms) [Parameters=[@normalizedUserName='?'], CommandType='Text', CommandTimeout='30']
      SELECT u.id, u.access_failed_count, u.concurrency_stamp, u.display_name, u.email, u.email_confirmed, u.lockout_enabled, u.lockout_end, u.normalized_email, u.normalized_user_name, u.password_hash, u.phone_number, u.phone_number_confirmed, u.security_stamp, u.two_factor_enabled, u.user_name
      FROM users AS u
      WHERE u.normalized_user_name = @normalizedUserName
      LIMIT 1
info: Microsoft.EntityFrameworkCore.Database.Command[20101]
      Executed DbCommand (5ms) [Parameters=[@p15='?' (DbType = Int32), @p0='?' (DbType = Int32), @p1='?', @p16='?', @p2='?', @p3='?', @p4='?' (DbType = Boolean), @p5='?' (DbType = Boolean), @p6='?' (DbType = DateTime), @p7='?', @p8='?', @p9='?', @p10='?', @p11='?' (DbType = Boolean), @p12='?', @p13='?' (DbType = Boolean), @p14='?'], CommandType='Text', CommandTimeout='30']
      UPDATE users SET access_failed_count = @p0, concurrency_stamp = @p1, display_name = @p2, email = @p3, email_confirmed = @p4, lockout_enabled = @p5, lockout_end = @p6, normalized_email = @p7, normalized_user_name = @p8, password_hash = @p9, phone_number = @p10, phone_number_confirmed = @p11, security_stamp = @p12, two_factor_enabled = @p13, user_name = @p14
      WHERE id = @p15 AND concurrency_stamp = @p16;
info: Microsoft.EntityFrameworkCore.Database.Command[20101]
      Executed DbCommand (1ms) [Parameters=[@normalizedUserName='?'], CommandType='Text', CommandTimeout='30']
      SELECT u.id, u.access_failed_count, u.concurrency_stamp, u.display_name, u.email, u.email_confirmed, u.lockout_enabled, u.lockout_end, u.normalized_email, u.normalized_user_name, u.password_hash, u.phone_number, u.phone_number_confirmed, u.security_stamp, u.two_factor_enabled, u.user_name
      FROM users AS u
      WHERE u.normalized_user_name = @normalizedUserName
      LIMIT 1
info: Microsoft.EntityFrameworkCore.Database.Command[20101]
      Executed DbCommand (1ms) [Parameters=[@normalizedUserName='?'], CommandType='Text', CommandTimeout='30']
      SELECT u.id, u.access_failed_count, u.concurrency_stamp, u.display_name, u.email, u.email_confirmed, u.lockout_enabled, u.lockout_end, u.normalized_email, u.normalized_user_name, u.password_hash, u.phone_number, u.phone_number_confirmed, u.security_stamp, u.two_factor_enabled, u.user_name
      FROM users AS u
      WHERE u.normalized_user_name = @normalizedUserName
      LIMIT 1
info: Microsoft.EntityFrameworkCore.Database.Command[20101]
      Executed DbCommand (1ms) [Parameters=[@p15='?' (DbType = Int32), @p0='?' (DbType = Int32), @p1='?', @p16='?', @p2='?', @p3='?', @p4='?' (DbType = Boolean), @p5='?' (DbType = Boolean), @p6='?' (DbType = DateTime), @p7='?', @p8='?', @p9='?', @p10='?', @p11='?' (DbType = Boolean), @p12='?', @p13='?' (DbType = Boolean), @p14='?'], CommandType='Text', CommandTimeout='30']
      UPDATE users SET access_failed_count = @p0, concurrency_stamp = @p1, display_name = @p2, email = @p3, email_confirmed = @p4, lockout_enabled = @p5, lockout_end = @p6, normalized_email = @p7, normalized_user_name = @p8, password_hash = @p9, phone_number = @p10, phone_number_confirmed = @p11, security_stamp = @p12, two_factor_enabled = @p13, user_name = @p14
      WHERE id = @p15 AND concurrency_stamp = @p16;
info: Microsoft.EntityFrameworkCore.Database.Command[20101]
      Executed DbCommand (1ms) [Parameters=[@user_Id='?' (DbType = Int32)], CommandType='Text', CommandTimeout='30']
      SELECT u.id, u.claim_type, u.claim_value, u.user_id
      FROM user_claims AS u
      WHERE u.user_id = @user_Id
info: Microsoft.EntityFrameworkCore.Database.Command[20101]
      Executed DbCommand (1ms) [Parameters=[@userId='?' (DbType = Int32)], CommandType='Text', CommandTimeout='30']
      SELECT r.name
      FROM user_roles AS u
      INNER JOIN roles AS r ON u.role_id = r.id
      WHERE u.user_id = @userId
info: Microsoft.EntityFrameworkCore.Database.Command[20101]
      Executed DbCommand (0ms) [Parameters=[@normalizedName='?'], CommandType='Text', CommandTimeout='30']
      SELECT r.id, r.concurrency_stamp, r.name, r.normalized_name
      FROM roles AS r
      WHERE r.normalized_name = @normalizedName
      LIMIT 1
info: Microsoft.EntityFrameworkCore.Database.Command[20101]
      Executed DbCommand (0ms) [Parameters=[@role_Id='?' (DbType = Int32)], CommandType='Text', CommandTimeout='30']
      SELECT r.claim_type, r.claim_value
      FROM role_claims AS r
      WHERE r.role_id = @role_Id
info: Microsoft.EntityFrameworkCore.Database.Command[20101]
      Executed DbCommand (0ms) [Parameters=[@normalizedName='?'], CommandType='Text', CommandTimeout='30']
      SELECT r.id, r.concurrency_stamp, r.name, r.normalized_name
      FROM roles AS r
      WHERE r.normalized_name = @normalizedName
      LIMIT 1
info: Microsoft.EntityFrameworkCore.Database.Command[20101]
      Executed DbCommand (0ms) [Parameters=[@role_Id='?' (DbType = Int32)], CommandType='Text', CommandTimeout='30']
      SELECT r.claim_type, r.claim_value
      FROM role_claims AS r
      WHERE r.role_id = @role_Id
